2026-07-29 14:29:19.585 | INFO     | app.services.document:__init__:14 - Initializing DocumentProcessor with Docling models...
2026-07-29 14:29:19.585 | INFO     | app.services.document:__init__:14 - Initializing DocumentProcessor with Docling models...
2026-07-29 14:30:30.396 | INFO     | app.api.v1.router:process_document_task:13 - Background processing started for A_Semantic_Study_of_Dummy_Subjects_in_Dickens_Nov.pdf
2026-07-29 14:30:30.396 | INFO     | app.api.v1.router:process_document_task:13 - Background processing started for A_Semantic_Study_of_Dummy_Subjects_in_Dickens_Nov.pdf
2026-07-29 14:30:38.282 | INFO     | app.services.document:process_pdf:28 - Starting extraction for: temp_A_Semantic_Study_of_Dummy_Subjects_in_Dickens_Nov.pdf
2026-07-29 14:30:38.282 | INFO     | app.services.document:process_pdf:28 - Starting extraction for: temp_A_Semantic_Study_of_Dummy_Subjects_in_Dickens_Nov.pdf
2026-07-29 14:30:43.164 | SUCCESS  | app.services.document:process_pdf:45 - Extraction complete for temp_A_Semantic_Study_of_Dummy_Subjects_in_Dickens_Nov.pdf
2026-07-29 14:30:43.164 | SUCCESS  | app.services.document:process_pdf:45 - Extraction complete for temp_A_Semantic_Study_of_Dummy_Subjects_in_Dickens_Nov.pdf
2026-07-29 14:30:43.164 | INFO     | app.services.document:process_pdf:46 - Total Pages: 6
2026-07-29 14:30:43.164 | INFO     | app.services.document:process_pdf:46 - Total Pages: 6
2026-07-29 14:30:43.164 | INFO     | app.services.document:process_pdf:47 - Total Time: 4.88s
2026-07-29 14:30:43.164 | INFO     | app.services.document:process_pdf:47 - Total Time: 4.88s
2026-07-29 14:30:43.164 | INFO     | app.services.document:process_pdf:48 - Avg Time Per Page: 0.81s
2026-07-29 14:30:43.164 | INFO     | app.services.document:process_pdf:48 - Avg Time Per Page: 0.81s
2026-07-29 14:30:43.187 | SUCCESS  | app.api.v1.router:process_document_task:18 - Background processing complete: 20120 characters extracted.
2026-07-29 14:30:43.187 | SUCCESS  | app.api.v1.router:process_document_task:18 - Background processing complete: 20120 characters extracted.
2026-07-29 14:30:43.187 | DEBUG    | app.api.v1.router:process_document_task:28 - Temporary file temp_A_Semantic_Study_of_Dummy_Subjects_in_Dickens_Nov.pdf removed.
2026-07-29 14:30:43.187 | DEBUG    | app.api.v1.router:process_document_task:28 - Temporary file temp_A_Semantic_Study_of_Dummy_Subjects_in_Dickens_Nov.pdf removed.
2026-07-29 14:32:06.072 | INFO     | app.api.v1.router:process_document_task:13 - Background processing started for A_Semantic_Study_of_Dummy_Subjects_in_Dickens_Nov.pdf
2026-07-29 14:32:06.072 | INFO     | app.api.v1.router:process_document_task:13 - Background processing started for A_Semantic_Study_of_Dummy_Subjects_in_Dickens_Nov.pdf
2026-07-29 14:32:11.070 | INFO     | app.services.document:process_pdf:28 - Starting extraction for: temp_A_Semantic_Study_of_Dummy_Subjects_in_Dickens_Nov.pdf
2026-07-29 14:32:11.070 | INFO     | app.services.document:process_pdf:28 - Starting extraction for: temp_A_Semantic_Study_of_Dummy_Subjects_in_Dickens_Nov.pdf
2026-07-29 14:32:16.052 | SUCCESS  | app.services.document:process_pdf:45 - Extraction complete for temp_A_Semantic_Study_of_Dummy_Subjects_in_Dickens_Nov.pdf
2026-07-29 14:32:16.052 | SUCCESS  | app.services.document:process_pdf:45 - Extraction complete for temp_A_Semantic_Study_of_Dummy_Subjects_in_Dickens_Nov.pdf
2026-07-29 14:32:16.052 | INFO     | app.services.document:process_pdf:46 - Total Pages: 6
2026-07-29 14:32:16.052 | INFO     | app.services.document:process_pdf:46 - Total Pages: 6
2026-07-29 14:32:16.052 | INFO     | app.services.document:process_pdf:47 - Total Time: 4.98s
2026-07-29 14:32:16.052 | INFO     | app.services.document:process_pdf:47 - Total Time: 4.98s
2026-07-29 14:32:16.052 | INFO     | app.services.document:process_pdf:48 - Avg Time Per Page: 0.83s
2026-07-29 14:32:16.052 | INFO     | app.services.document:process_pdf:48 - Avg Time Per Page: 0.83s
2026-07-29 14:32:16.061 | SUCCESS  | app.api.v1.router:process_document_task:18 - Background processing complete: 20120 characters extracted.
2026-07-29 14:32:16.061 | SUCCESS  | app.api.v1.router:process_document_task:18 - Background processing complete: 20120 characters extracted.
2026-07-29 14:32:16.061 | DEBUG    | app.api.v1.router:process_document_task:28 - Temporary file temp_A_Semantic_Study_of_Dummy_Subjects_in_Dickens_Nov.pdf removed.
2026-07-29 14:32:16.061 | DEBUG    | app.api.v1.router:process_document_task:28 - Temporary file temp_A_Semantic_Study_of_Dummy_Subjects_in_Dickens_Nov.pdf removed.
2026-07-29 14:33:12.615 | INFO     | app.api.v1.router:process_document_task:13 - Background processing started for A_Semantic_Study_of_Dummy_Subjects_in_Dickens_Nov.pdf
2026-07-29 14:33:12.615 | INFO     | app.api.v1.router:process_document_task:13 - Background processing started for A_Semantic_Study_of_Dummy_Subjects_in_Dickens_Nov.pdf
2026-07-29 14:33:17.573 | INFO     | app.services.document:process_pdf:28 - Starting extraction for: temp_A_Semantic_Study_of_Dummy_Subjects_in_Dickens_Nov.pdf
2026-07-29 14:33:17.573 | INFO     | app.services.document:process_pdf:28 - Starting extraction for: temp_A_Semantic_Study_of_Dummy_Subjects_in_Dickens_Nov.pdf
2026-07-29 14:33:22.492 | SUCCESS  | app.services.document:process_pdf:45 - Extraction complete for temp_A_Semantic_Study_of_Dummy_Subjects_in_Dickens_Nov.pdf
2026-07-29 14:33:22.492 | SUCCESS  | app.services.document:process_pdf:45 - Extraction complete for temp_A_Semantic_Study_of_Dummy_Subjects_in_Dickens_Nov.pdf
2026-07-29 14:33:22.492 | INFO     | app.services.document:process_pdf:46 - Total Pages: 6
2026-07-29 14:33:22.492 | INFO     | app.services.document:process_pdf:46 - Total Pages: 6
2026-07-29 14:33:22.492 | INFO     | app.services.document:process_pdf:47 - Total Time: 4.92s
2026-07-29 14:33:22.492 | INFO     | app.services.document:process_pdf:47 - Total Time: 4.92s
2026-07-29 14:33:22.492 | INFO     | app.services.document:process_pdf:48 - Avg Time Per Page: 0.82s
2026-07-29 14:33:22.492 | INFO     | app.services.document:process_pdf:48 - Avg Time Per Page: 0.82s
2026-07-29 14:33:22.500 | SUCCESS  | app.api.v1.router:process_document_task:18 - Background processing complete: 20120 characters extracted.
2026-07-29 14:33:22.500 | SUCCESS  | app.api.v1.router:process_document_task:18 - Background processing complete: 20120 characters extracted.
2026-07-29 14:33:22.500 | DEBUG    | app.api.v1.router:process_document_task:28 - Temporary file temp_A_Semantic_Study_of_Dummy_Subjects_in_Dickens_Nov.pdf removed.
2026-07-29 14:33:22.500 | DEBUG    | app.api.v1.router:process_document_task:28 - Temporary file temp_A_Semantic_Study_of_Dummy_Subjects_in_Dickens_Nov.pdf removed.
2026-07-29 14:33:33.323 | INFO     | app.main:lifespan:25 - 🛑 Cleaning up resources...
2026-07-29 14:33:33.323 | INFO     | app.main:lifespan:25 - 🛑 Cleaning up resources...
2026-07-29 14:33:43.759 | INFO     | app.main:lifespan:21 - 🚀 Initializing Heavy AI Models (Docling)...
2026-07-29 14:33:43.760 | INFO     | app.services.document:__init__:14 - Initializing DocumentProcessor with Docling models...
2026-07-29 14:33:57.997 | INFO     | app.main:lifespan:25 - 🛑 Cleaning up resources...
2026-07-29 14:34:31.525 | INFO     | app.main:lifespan:21 - 🚀 Initializing Heavy AI Models (Docling)...
2026-07-29 14:34:31.526 | INFO     | app.services.document:__init__:14 - Initializing DocumentProcessor with Docling models...
2026-07-29 14:34:39.249 | INFO     | app.main:lifespan:25 - 🛑 Cleaning up resources...
2026-07-30 10:04:14.316 | INFO     | app.main:lifespan:21 - 🚀 Initializing Heavy AI Models (Docling)...
2026-07-30 10:04:14.316 | INFO     | app.services.document:__init__:14 - Initializing DocumentProcessor with Docling models...
2026-07-30 10:04:32.182 | INFO     | app.main:lifespan:25 - 🛑 Cleaning up resources...
2026-07-30 11:18:56.504 | INFO     | app.main:lifespan:21 - 🚀 Initializing Heavy AI Models (Docling)...
2026-07-30 11:18:56.504 | INFO     | app.services.document:__init__:14 - Initializing DocumentProcessor with Docling models...
2026-07-30 11:19:20.351 | INFO     | app.api.v1.router:process_document_task:13 - Background processing started for A_Semantic_Study_of_Dummy_Subjects_in_Dickens_Nov.pdf
2026-07-30 11:19:29.493 | INFO     | app.services.document:process_pdf:28 - Starting extraction for: temp_A_Semantic_Study_of_Dummy_Subjects_in_Dickens_Nov.pdf
2026-07-30 11:19:34.286 | SUCCESS  | app.services.document:process_pdf:45 - Extraction complete for temp_A_Semantic_Study_of_Dummy_Subjects_in_Dickens_Nov.pdf
2026-07-30 11:19:34.286 | INFO     | app.services.document:process_pdf:46 - Total Pages: 6
2026-07-30 11:19:34.286 | INFO     | app.services.document:process_pdf:47 - Total Time: 4.79s
2026-07-30 11:19:34.286 | INFO     | app.services.document:process_pdf:48 - Avg Time Per Page: 0.80s
2026-07-30 11:19:34.311 | SUCCESS  | app.api.v1.router:process_document_task:18 - Background processing complete: 20120 characters extracted.
2026-07-30 11:19:34.311 | DEBUG    | app.api.v1.router:process_document_task:28 - Temporary file temp_A_Semantic_Study_of_Dummy_Subjects_in_Dickens_Nov.pdf removed.
2026-07-30 11:46:58.179 | INFO     | app.main:lifespan:25 - 🛑 Cleaning up resources...
2026-07-30 14:05:29.692 | INFO     | app.main:lifespan:21 - 🚀 Initializing Heavy AI Models (Docling)...
2026-07-30 14:05:29.692 | INFO     | app.services.document:__init__:14 - Initializing DocumentProcessor with Docling models...
2026-07-30 14:05:56.930 | INFO     | app.api.v1.router:process_document_task:13 - Background processing started for A_Semantic_Study_of_Dummy_Subjects_in_Dickens_Nov.pdf
2026-07-30 14:06:04.546 | INFO     | app.services.document:process_pdf:28 - Starting extraction for: temp_A_Semantic_Study_of_Dummy_Subjects_in_Dickens_Nov.pdf
2026-07-30 14:06:09.349 | SUCCESS  | app.services.document:process_pdf:45 - Extraction complete for temp_A_Semantic_Study_of_Dummy_Subjects_in_Dickens_Nov.pdf
2026-07-30 14:06:09.349 | INFO     | app.services.document:process_pdf:46 - Total Pages: 6
2026-07-30 14:06:09.349 | INFO     | app.services.document:process_pdf:47 - Total Time: 4.80s
2026-07-30 14:06:09.349 | INFO     | app.services.document:process_pdf:48 - Avg Time Per Page: 0.80s
2026-07-30 14:06:09.373 | SUCCESS  | app.api.v1.router:process_document_task:18 - Background processing complete: 20120 characters extracted.
2026-07-30 14:06:09.373 | DEBUG    | app.api.v1.router:process_document_task:28 - Temporary file temp_A_Semantic_Study_of_Dummy_Subjects_in_Dickens_Nov.pdf removed.
2026-07-30 14:07:38.547 | INFO     | app.main:lifespan:25 - 🛑 Cleaning up resources...
2026-07-30 15:19:58.259 | INFO     | app.main:lifespan:21 - 🚀 Initializing Heavy AI Models (Docling)...
2026-07-30 15:19:58.259 | INFO     | app.services.document:__init__:14 - Initializing DocumentProcessor with Docling models...
2026-07-30 15:20:09.815 | INFO     | app.api.v1.router:process_document_task:13 - Background processing started for A_Semantic_Study_of_Dummy_Subjects_in_Dickens_Nov.pdf
2026-07-30 15:20:21.120 | INFO     | app.services.document:process_pdf:28 - Starting extraction for: temp_A_Semantic_Study_of_Dummy_Subjects_in_Dickens_Nov.pdf
2026-07-30 15:20:26.048 | SUCCESS  | app.services.document:process_pdf:45 - Extraction complete for temp_A_Semantic_Study_of_Dummy_Subjects_in_Dickens_Nov.pdf
2026-07-30 15:20:26.048 | INFO     | app.services.document:process_pdf:46 - Total Pages: 6
2026-07-30 15:20:26.048 | INFO     | app.services.document:process_pdf:47 - Total Time: 4.93s
2026-07-30 15:20:26.048 | INFO     | app.services.document:process_pdf:48 - Avg Time Per Page: 0.82s
2026-07-30 15:20:26.078 | SUCCESS  | app.api.v1.router:process_document_task:18 - Background processing complete: 20120 characters extracted.
2026-07-30 15:20:26.079 | DEBUG    | app.api.v1.router:process_document_task:28 - Temporary file temp_A_Semantic_Study_of_Dummy_Subjects_in_Dickens_Nov.pdf removed.
2026-07-30 15:22:51.346 | INFO     | app.main:lifespan:25 - 🛑 Cleaning up resources...
2026-07-30 21:37:55.103 | INFO     | app.main:lifespan:21 - 🚀 Initializing Heavy AI Models (Docling)...
2026-07-30 21:37:55.104 | INFO     | app.services.document:__init__:14 - Initializing DocumentProcessor with Docling models...
